[23:47:08] [INIT] KubeJS 2001.6.5-build.16; MC 2001 forge
[23:47:08] [INIT] Loaded plugins:
[23:47:08] [INIT] - dev.latvian.mods.kubejs.forge.BuiltinKubeJSForgePlugin
[23:47:08] [INIT] - net.threetag.palladium.compat.kubejs.PalladiumKubeJSPlugin
[23:47:08] [INIT] - com.blakebr0.cucumber.compat.kubejs.CucumberKubeJSPlugin
[23:47:11] [INFO] example.js#5: Hello, World! (Loaded server scripts)
[23:47:11] [INFO] Loaded script server_scripts:example.js in 0.001 s
[23:47:11] [INFO] Loaded script addonpack_alienevo:kubejs_scripts/failsafe.js in 0.002 s
[23:47:11] [INFO] Loaded script addonpack_alienevo:kubejs_scripts/nbt_omnitrix.js in 0.0 s
[23:47:11] [INFO] Loaded script addonpack_alienevo:kubejs_scripts/flammable_block.js in 0.0 s
[23:47:11] [INFO] Loaded script addonpack_alienevo:kubejs_scripts/quick_change.js in 0.004 s
[23:47:11] [INFO] Loaded script addonpack_alienevo:kubejs_scripts/level_command.js in 0.002 s
[23:47:11] [INFO] Loaded script addonpack_alienevo:kubejs_scripts/workbench_items.js in 0.002 s
[23:47:11] [INFO] Loaded script addonpack_alienevo:kubejs_scripts/workbench.js in 0.047 s
[23:47:11] [INFO] Loaded script addonpack_alienevo:kubejs_scripts/playlist_command.js in 0.014 s
[23:47:11] [INFO] Loaded script addonpack_alienevo:kubejs_scripts/hit.js in 0.005 s
[23:47:11] [INFO] Loaded script addonpack_alienevo:kubejs_scripts/break_block.js in 0.004 s
[23:47:11] [INFO] Loaded script addonpack_alienevo:kubejs_scripts/code_hints.js in 0.005 s
[23:47:11] [INFO] Loaded script addonpack_alienevo:kubejs_scripts/alien_death.js in 0.001 s
[23:47:11] [INFO] Loaded script addonpack_alienevo:kubejs_scripts/palladium_properties.js in 0.003 s
[23:47:11] [INFO] Loaded script addonpack_alienevo:kubejs_scripts/pod_loot.js in 0.01 s
[23:47:11] [INFO] Loaded script addonpack_alienevo:kubejs_scripts/xp.js in 0.004 s
[23:47:11] [INFO] Loaded 16/16 KubeJS server scripts in 0.149 s with 0 errors and 0 warnings
[23:47:11] [INFO] Scripts loaded
[23:47:15] [INFO] [minecraft:block] Found 694 tags, added 9 objects, removed 0 objects
[23:47:16] [INFO] [minecraft:item] Found 1094 tags, added 3 objects, removed 0 objects
[23:49:15] [INFO] Server resource reload complete!
